// Jest Snapshot v1, https://goo.gl/fbAQLP

exports[`Header header renders 1`] = `
ShallowWrapper {
  "length": 1,
  Symbol(enzyme.__root__): [Circular],
  Symbol(enzyme.__unrendered__): <Header />,
  Symbol(enzyme.__renderer__): Object {
    "batchedUpdates": [Function],
    "getNode": [Function],
    "render": [Function],
    "simulateEvent": [Function],
    "unmount": [Function],
  },
  Symbol(enzyme.__node__): Object {
    "instance": null,
    "key": undefined,
    "nodeType": "host",
    "props": Object {
      "children": Array [
        <Col
          className="logo"
          tag="div"
          widths={
                    Array [
                              "xs",
                              "sm",
                              "md",
                              "lg",
                              "xl",
                            ]
          }
          xs="3"
>
          <Link
                    replace={false}
                    to="/"
          >
                    <img
                              alt="IHAP Logo"
                              className="image"
                              src="logo.png"
                    />
          </Link>
</Col>,
        <Col
          className="center"
          tag="div"
          widths={
                    Array [
                              "xs",
                              "sm",
                              "md",
                              "lg",
                              "xl",
                            ]
          }
          xs="auto"
>
          <div>
                    <Input
                              name="search"
                              placeholder="Search"
                              type="search"
                    />
                    <Button
                              color="primary"
                              tag="button"
                    >
                              SEARCH
                    </Button>
          </div>
          <div
                    id="lever"
          >
                    <div>
                              <img
                                        alt="Lever"
                                        className="image clickable"
                                        onClick={[Function]}
                                        src="lever.png"
                                        style={
                                                  Object {
                                                            "transform": "rotate(0deg)",
                                                          }
                                        }
                              />
                    </div>
                    <div>
                              <div
                                        className="clickable"
                                        id="random"
                                        onClick={[Function]}
                              >
                                        Random
                              </div>
                              <div
                                        className="clickable"
                                        id="search"
                                        onClick={[Function]}
                              >
                                        Search
                              </div>
                    </div>
          </div>
</Col>,
        <Col
          className="user"
          tag="div"
          widths={
                    Array [
                              "xs",
                              "sm",
                              "md",
                              "lg",
                              "xl",
                            ]
          }
          xs="3"
>
          <Link
                    activeClassName="active"
                    replace={false}
                    to="/signin"
          >
                    <Button
                              className="button"
                              color="primary"
                              size="sm"
                              tag="button"
                    >
                              Log in
                    </Button>
          </Link>
          <br />
          <Link
                    activeClassName="active"
                    replace={false}
                    to="/signup"
          >
                    <Button
                              className="button"
                              color="primary"
                              size="sm"
                              tag="button"
                    >
                              Sign up
                    </Button>
          </Link>
</Col>,
      ],
      "id": "nav",
    },
    "ref": null,
    "rendered": Array [
      Object {
        "instance": null,
        "key": undefined,
        "nodeType": "function",
        "props": Object {
          "children": <Link
            replace={false}
            to="/"
>
            <img
                        alt="IHAP Logo"
                        className="image"
                        src="logo.png"
            />
</Link>,
          "className": "logo",
          "tag": "div",
          "widths": Array [
            "xs",
            "sm",
            "md",
            "lg",
            "xl",
          ],
          "xs": "3",
        },
        "ref": null,
        "rendered": Object {
          "instance": null,
          "key": undefined,
          "nodeType": "class",
          "props": Object {
            "children": <img
              alt="IHAP Logo"
              className="image"
              src="logo.png"
/>,
            "replace": false,
            "to": "/",
          },
          "ref": null,
          "rendered": Object {
            "instance": null,
            "key": undefined,
            "nodeType": "host",
            "props": Object {
              "alt": "IHAP Logo",
              "className": "image",
              "src": "logo.png",
            },
            "ref": null,
            "rendered": null,
            "type": "img",
          },
          "type": [Function],
        },
        "type": [Function],
      },
      Object {
        "instance": null,
        "key": undefined,
        "nodeType": "function",
        "props": Object {
          "children": Array [
            <div>
              <Input
                            name="search"
                            placeholder="Search"
                            type="search"
              />
              <Button
                            color="primary"
                            tag="button"
              >
                            SEARCH
              </Button>
</div>,
            <div
              id="lever"
>
              <div>
                            <img
                                          alt="Lever"
                                          className="image clickable"
                                          onClick={[Function]}
                                          src="lever.png"
                                          style={
                                                        Object {
                                                                      "transform": "rotate(0deg)",
                                                                    }
                                          }
                            />
              </div>
              <div>
                            <div
                                          className="clickable"
                                          id="random"
                                          onClick={[Function]}
                            >
                                          Random
                            </div>
                            <div
                                          className="clickable"
                                          id="search"
                                          onClick={[Function]}
                            >
                                          Search
                            </div>
              </div>
</div>,
          ],
          "className": "center",
          "tag": "div",
          "widths": Array [
            "xs",
            "sm",
            "md",
            "lg",
            "xl",
          ],
          "xs": "auto",
        },
        "ref": null,
        "rendered": Array [
          Object {
            "instance": null,
            "key": undefined,
            "nodeType": "host",
            "props": Object {
              "children": Array [
                <Input
                  name="search"
                  placeholder="Search"
                  type="search"
/>,
                <Button
                  color="primary"
                  tag="button"
>
                  SEARCH
</Button>,
              ],
            },
            "ref": null,
            "rendered": Array [
              Object {
                "instance": null,
                "key": undefined,
                "nodeType": "class",
                "props": Object {
                  "name": "search",
                  "placeholder": "Search",
                  "type": "search",
                },
                "ref": null,
                "rendered": null,
                "type": [Function],
              },
              Object {
                "instance": null,
                "key": undefined,
                "nodeType": "class",
                "props": Object {
                  "children": "SEARCH",
                  "color": "primary",
                  "tag": "button",
                },
                "ref": null,
                "rendered": "SEARCH",
                "type": [Function],
              },
            ],
            "type": "div",
          },
          Object {
            "instance": null,
            "key": undefined,
            "nodeType": "host",
            "props": Object {
              "children": Array [
                <div>
                  <img
                                    alt="Lever"
                                    className="image clickable"
                                    onClick={[Function]}
                                    src="lever.png"
                                    style={
                                                      Object {
                                                                        "transform": "rotate(0deg)",
                                                                      }
                                    }
                  />
</div>,
                <div>
                  <div
                                    className="clickable"
                                    id="random"
                                    onClick={[Function]}
                  >
                                    Random
                  </div>
                  <div
                                    className="clickable"
                                    id="search"
                                    onClick={[Function]}
                  >
                                    Search
                  </div>
</div>,
              ],
              "id": "lever",
            },
            "ref": null,
            "rendered": Array [
              Object {
                "instance": null,
                "key": undefined,
                "nodeType": "host",
                "props": Object {
                  "children": <img
                    alt="Lever"
                    className="image clickable"
                    onClick={[Function]}
                    src="lever.png"
                    style={
                                        Object {
                                                            "transform": "rotate(0deg)",
                                                          }
                    }
/>,
                },
                "ref": null,
                "rendered": Object {
                  "instance": null,
                  "key": undefined,
                  "nodeType": "host",
                  "props": Object {
                    "alt": "Lever",
                    "className": "image clickable",
                    "onClick": [Function],
                    "src": "lever.png",
                    "style": Object {
                      "transform": "rotate(0deg)",
                    },
                  },
                  "ref": null,
                  "rendered": null,
                  "type": "img",
                },
                "type": "div",
              },
              Object {
                "instance": null,
                "key": undefined,
                "nodeType": "host",
                "props": Object {
                  "children": Array [
                    <div
                      className="clickable"
                      id="random"
                      onClick={[Function]}
>
                      Random
</div>,
                    <div
                      className="clickable"
                      id="search"
                      onClick={[Function]}
>
                      Search
</div>,
                  ],
                },
                "ref": null,
                "rendered": Array [
                  Object {
                    "instance": null,
                    "key": undefined,
                    "nodeType": "host",
                    "props": Object {
                      "children": "Random",
                      "className": "clickable",
                      "id": "random",
                      "onClick": [Function],
                    },
                    "ref": null,
                    "rendered": "Random",
                    "type": "div",
                  },
                  Object {
                    "instance": null,
                    "key": undefined,
                    "nodeType": "host",
                    "props": Object {
                      "children": "Search",
                      "className": "clickable",
                      "id": "search",
                      "onClick": [Function],
                    },
                    "ref": null,
                    "rendered": "Search",
                    "type": "div",
                  },
                ],
                "type": "div",
              },
            ],
            "type": "div",
          },
        ],
        "type": [Function],
      },
      Object {
        "instance": null,
        "key": undefined,
        "nodeType": "function",
        "props": Object {
          "children": Array [
            <Link
              activeClassName="active"
              replace={false}
              to="/signin"
>
              <Button
                            className="button"
                            color="primary"
                            size="sm"
                            tag="button"
              >
                            Log in
              </Button>
</Link>,
            <br />,
            <Link
              activeClassName="active"
              replace={false}
              to="/signup"
>
              <Button
                            className="button"
                            color="primary"
                            size="sm"
                            tag="button"
              >
                            Sign up
              </Button>
</Link>,
          ],
          "className": "user",
          "tag": "div",
          "widths": Array [
            "xs",
            "sm",
            "md",
            "lg",
            "xl",
          ],
          "xs": "3",
        },
        "ref": null,
        "rendered": Array [
          Object {
            "instance": null,
            "key": undefined,
            "nodeType": "class",
            "props": Object {
              "activeClassName": "active",
              "children": <Button
                className="button"
                color="primary"
                size="sm"
                tag="button"
>
                Log in
</Button>,
              "replace": false,
              "to": "/signin",
            },
            "ref": null,
            "rendered": Object {
              "instance": null,
              "key": undefined,
              "nodeType": "class",
              "props": Object {
                "children": "Log in",
                "className": "button",
                "color": "primary",
                "size": "sm",
                "tag": "button",
              },
              "ref": null,
              "rendered": "Log in",
              "type": [Function],
            },
            "type": [Function],
          },
          Object {
            "instance": null,
            "key": undefined,
            "nodeType": "host",
            "props": Object {},
            "ref": null,
            "rendered": null,
            "type": "br",
          },
          Object {
            "instance": null,
            "key": undefined,
            "nodeType": "class",
            "props": Object {
              "activeClassName": "active",
              "children": <Button
                className="button"
                color="primary"
                size="sm"
                tag="button"
>
                Sign up
</Button>,
              "replace": false,
              "to": "/signup",
            },
            "ref": null,
            "rendered": Object {
              "instance": null,
              "key": undefined,
              "nodeType": "class",
              "props": Object {
                "children": "Sign up",
                "className": "button",
                "color": "primary",
                "size": "sm",
                "tag": "button",
              },
              "ref": null,
              "rendered": "Sign up",
              "type": [Function],
            },
            "type": [Function],
          },
        ],
        "type": [Function],
      },
    ],
    "type": "nav",
  },
  Symbol(enzyme.__nodes__): Array [
    Object {
      "instance": null,
      "key": undefined,
      "nodeType": "host",
      "props": Object {
        "children": Array [
          <Col
            className="logo"
            tag="div"
            widths={
                        Array [
                                    "xs",
                                    "sm",
                                    "md",
                                    "lg",
                                    "xl",
                                  ]
            }
            xs="3"
>
            <Link
                        replace={false}
                        to="/"
            >
                        <img
                                    alt="IHAP Logo"
                                    className="image"
                                    src="logo.png"
                        />
            </Link>
</Col>,
          <Col
            className="center"
            tag="div"
            widths={
                        Array [
                                    "xs",
                                    "sm",
                                    "md",
                                    "lg",
                                    "xl",
                                  ]
            }
            xs="auto"
>
            <div>
                        <Input
                                    name="search"
                                    placeholder="Search"
                                    type="search"
                        />
                        <Button
                                    color="primary"
                                    tag="button"
                        >
                                    SEARCH
                        </Button>
            </div>
            <div
                        id="lever"
            >
                        <div>
                                    <img
                                                alt="Lever"
                                                className="image clickable"
                                                onClick={[Function]}
                                                src="lever.png"
                                                style={
                                                            Object {
                                                                        "transform": "rotate(0deg)",
                                                                      }
                                                }
                                    />
                        </div>
                        <div>
                                    <div
                                                className="clickable"
                                                id="random"
                                                onClick={[Function]}
                                    >
                                                Random
                                    </div>
                                    <div
                                                className="clickable"
                                                id="search"
                                                onClick={[Function]}
                                    >
                                                Search
                                    </div>
                        </div>
            </div>
</Col>,
          <Col
            className="user"
            tag="div"
            widths={
                        Array [
                                    "xs",
                                    "sm",
                                    "md",
                                    "lg",
                                    "xl",
                                  ]
            }
            xs="3"
>
            <Link
                        activeClassName="active"
                        replace={false}
                        to="/signin"
            >
                        <Button
                                    className="button"
                                    color="primary"
                                    size="sm"
                                    tag="button"
                        >
                                    Log in
                        </Button>
            </Link>
            <br />
            <Link
                        activeClassName="active"
                        replace={false}
                        to="/signup"
            >
                        <Button
                                    className="button"
                                    color="primary"
                                    size="sm"
                                    tag="button"
                        >
                                    Sign up
                        </Button>
            </Link>
</Col>,
        ],
        "id": "nav",
      },
      "ref": null,
      "rendered": Array [
        Object {
          "instance": null,
          "key": undefined,
          "nodeType": "function",
          "props": Object {
            "children": <Link
              replace={false}
              to="/"
>
              <img
                            alt="IHAP Logo"
                            className="image"
                            src="logo.png"
              />
</Link>,
            "className": "logo",
            "tag": "div",
            "widths": Array [
              "xs",
              "sm",
              "md",
              "lg",
              "xl",
            ],
            "xs": "3",
          },
          "ref": null,
          "rendered": Object {
            "instance": null,
            "key": undefined,
            "nodeType": "class",
            "props": Object {
              "children": <img
                alt="IHAP Logo"
                className="image"
                src="logo.png"
/>,
              "replace": false,
              "to": "/",
            },
            "ref": null,
            "rendered": Object {
              "instance": null,
              "key": undefined,
              "nodeType": "host",
              "props": Object {
                "alt": "IHAP Logo",
                "className": "image",
                "src": "logo.png",
              },
              "ref": null,
              "rendered": null,
              "type": "img",
            },
            "type": [Function],
          },
          "type": [Function],
        },
        Object {
          "instance": null,
          "key": undefined,
          "nodeType": "function",
          "props": Object {
            "children": Array [
              <div>
                <Input
                                name="search"
                                placeholder="Search"
                                type="search"
                />
                <Button
                                color="primary"
                                tag="button"
                >
                                SEARCH
                </Button>
</div>,
              <div
                id="lever"
>
                <div>
                                <img
                                                alt="Lever"
                                                className="image clickable"
                                                onClick={[Function]}
                                                src="lever.png"
                                                style={
                                                                Object {
                                                                                "transform": "rotate(0deg)",
                                                                              }
                                                }
                                />
                </div>
                <div>
                                <div
                                                className="clickable"
                                                id="random"
                                                onClick={[Function]}
                                >
                                                Random
                                </div>
                                <div
                                                className="clickable"
                                                id="search"
                                                onClick={[Function]}
                                >
                                                Search
                                </div>
                </div>
</div>,
            ],
            "className": "center",
            "tag": "div",
            "widths": Array [
              "xs",
              "sm",
              "md",
              "lg",
              "xl",
            ],
            "xs": "auto",
          },
          "ref": null,
          "rendered": Array [
            Object {
              "instance": null,
              "key": undefined,
              "nodeType": "host",
              "props": Object {
                "children": Array [
                  <Input
                    name="search"
                    placeholder="Search"
                    type="search"
/>,
                  <Button
                    color="primary"
                    tag="button"
>
                    SEARCH
</Button>,
                ],
              },
              "ref": null,
              "rendered": Array [
                Object {
                  "instance": null,
                  "key": undefined,
                  "nodeType": "class",
                  "props": Object {
                    "name": "search",
                    "placeholder": "Search",
                    "type": "search",
                  },
                  "ref": null,
                  "rendered": null,
                  "type": [Function],
                },
                Object {
                  "instance": null,
                  "key": undefined,
                  "nodeType": "class",
                  "props": Object {
                    "children": "SEARCH",
                    "color": "primary",
                    "tag": "button",
                  },
                  "ref": null,
                  "rendered": "SEARCH",
                  "type": [Function],
                },
              ],
              "type": "div",
            },
            Object {
              "instance": null,
              "key": undefined,
              "nodeType": "host",
              "props": Object {
                "children": Array [
                  <div>
                    <img
                                        alt="Lever"
                                        className="image clickable"
                                        onClick={[Function]}
                                        src="lever.png"
                                        style={
                                                            Object {
                                                                                "transform": "rotate(0deg)",
                                                                              }
                                        }
                    />
</div>,
                  <div>
                    <div
                                        className="clickable"
                                        id="random"
                                        onClick={[Function]}
                    >
                                        Random
                    </div>
                    <div
                                        className="clickable"
                                        id="search"
                                        onClick={[Function]}
                    >
                                        Search
                    </div>
</div>,
                ],
                "id": "lever",
              },
              "ref": null,
              "rendered": Array [
                Object {
                  "instance": null,
                  "key": undefined,
                  "nodeType": "host",
                  "props": Object {
                    "children": <img
                      alt="Lever"
                      className="image clickable"
                      onClick={[Function]}
                      src="lever.png"
                      style={
                                            Object {
                                                                  "transform": "rotate(0deg)",
                                                                }
                      }
/>,
                  },
                  "ref": null,
                  "rendered": Object {
                    "instance": null,
                    "key": undefined,
                    "nodeType": "host",
                    "props": Object {
                      "alt": "Lever",
                      "className": "image clickable",
                      "onClick": [Function],
                      "src": "lever.png",
                      "style": Object {
                        "transform": "rotate(0deg)",
                      },
                    },
                    "ref": null,
                    "rendered": null,
                    "type": "img",
                  },
                  "type": "div",
                },
                Object {
                  "instance": null,
                  "key": undefined,
                  "nodeType": "host",
                  "props": Object {
                    "children": Array [
                      <div
                        className="clickable"
                        id="random"
                        onClick={[Function]}
>
                        Random
</div>,
                      <div
                        className="clickable"
                        id="search"
                        onClick={[Function]}
>
                        Search
</div>,
                    ],
                  },
                  "ref": null,
                  "rendered": Array [
                    Object {
                      "instance": null,
                      "key": undefined,
                      "nodeType": "host",
                      "props": Object {
                        "children": "Random",
                        "className": "clickable",
                        "id": "random",
                        "onClick": [Function],
                      },
                      "ref": null,
                      "rendered": "Random",
                      "type": "div",
                    },
                    Object {
                      "instance": null,
                      "key": undefined,
                      "nodeType": "host",
                      "props": Object {
                        "children": "Search",
                        "className": "clickable",
                        "id": "search",
                        "onClick": [Function],
                      },
                      "ref": null,
                      "rendered": "Search",
                      "type": "div",
                    },
                  ],
                  "type": "div",
                },
              ],
              "type": "div",
            },
          ],
          "type": [Function],
        },
        Object {
          "instance": null,
          "key": undefined,
          "nodeType": "function",
          "props": Object {
            "children": Array [
              <Link
                activeClassName="active"
                replace={false}
                to="/signin"
>
                <Button
                                className="button"
                                color="primary"
                                size="sm"
                                tag="button"
                >
                                Log in
                </Button>
</Link>,
              <br />,
              <Link
                activeClassName="active"
                replace={false}
                to="/signup"
>
                <Button
                                className="button"
                                color="primary"
                                size="sm"
                                tag="button"
                >
                                Sign up
                </Button>
</Link>,
            ],
            "className": "user",
            "tag": "div",
            "widths": Array [
              "xs",
              "sm",
              "md",
              "lg",
              "xl",
            ],
            "xs": "3",
          },
          "ref": null,
          "rendered": Array [
            Object {
              "instance": null,
              "key": undefined,
              "nodeType": "class",
              "props": Object {
                "activeClassName": "active",
                "children": <Button
                  className="button"
                  color="primary"
                  size="sm"
                  tag="button"
>
                  Log in
</Button>,
                "replace": false,
                "to": "/signin",
              },
              "ref": null,
              "rendered": Object {
                "instance": null,
                "key": undefined,
                "nodeType": "class",
                "props": Object {
                  "children": "Log in",
                  "className": "button",
                  "color": "primary",
                  "size": "sm",
                  "tag": "button",
                },
                "ref": null,
                "rendered": "Log in",
                "type": [Function],
              },
              "type": [Function],
            },
            Object {
              "instance": null,
              "key": undefined,
              "nodeType": "host",
              "props": Object {},
              "ref": null,
              "rendered": null,
              "type": "br",
            },
            Object {
              "instance": null,
              "key": undefined,
              "nodeType": "class",
              "props": Object {
                "activeClassName": "active",
                "children": <Button
                  className="button"
                  color="primary"
                  size="sm"
                  tag="button"
>
                  Sign up
</Button>,
                "replace": false,
                "to": "/signup",
              },
              "ref": null,
              "rendered": Object {
                "instance": null,
                "key": undefined,
                "nodeType": "class",
                "props": Object {
                  "children": "Sign up",
                  "className": "button",
                  "color": "primary",
                  "size": "sm",
                  "tag": "button",
                },
                "ref": null,
                "rendered": "Sign up",
                "type": [Function],
              },
              "type": [Function],
            },
          ],
          "type": [Function],
        },
      ],
      "type": "nav",
    },
  ],
  Symbol(enzyme.__options__): Object {
    "adapter": ReactSixteenAdapter {
      "options": Object {
        "enableComponentDidUpdateOnSetState": true,
      },
    },
  },
}
`;
